TCCs summary for theory refcount

	dec_ref_4_TCC1..................................................❗ unfinished          (0.411 s)
	dec_ref_5_TCC1..................................................❗ unfinished          (0.328 s)
	collect_TCC1....................................................✅ proved              (0 s)
	gc_cycle_4_TCC1.................................................✅ proved              (0 s)
	STW_wait_4_TCC1.................................................❗ unfinished          (0.339 s)
	main_4_TCC1.....................................................✅ proved              (0.335 s)
	main_5_TCC1.....................................................❗ unfinished          (0.309 s)
	main_8_TCC1.....................................................❗ unfinished          (0.313 s)
	main_9_TCC1.....................................................❗ unfinished          (0.316 s)
	main_10_TCC1....................................................❗ unfinished          (0.313 s)
	main_13_TCC1....................................................❗ unfinished          (0.303 s)
	main_14_TCC1....................................................❗ unfinished          (0.31 s)
	main_17_TCC1....................................................❗ unfinished          (0.309 s)
	main_20_TCC1....................................................❗ unfinished          (0.31 s)

Theory refcount totals: 14 formulas, 14 attempted, 3 succeeded (3.896 s)